------- FILE asm/test_symbols.asm LEVEL 1 PASS 2
      1  1001 ????						; don't change this stuff as the unit test cases for the symbol parser rely on this stuff staying the same
      2  1001 ????
      3  1001 ????				      processor	6502
      4  1001 ????
      5  1001 ????						; Some zero page data
      6  0080					      org	$0080
      7  0080
      8  0080				   ZP_ZERO
      9  0080		       00		      .byte.b	$00
     10  0081				   ZP_ONE
     11  0081		       01		      .byte.b	$01
     12  0082				   ZP_TWO
     13  0082		       02		      .byte.b	$02
     14  0083
     15  0083				   ZP_D0
     16  0083		       00 04		      .word.w	DATA_ZERO
     17  0085				   ZP_D1
     18  0085		       01 04		      .word.w	DATA_ONE
     19  0087				   ZP_D2
     20  0087		       02 04		      .word.w	DATA_TWO
     21  0089				   ZP_D3
     22  0089		       03 04		      .word.w	DATA_THREE
     23  008b				   ZP_DP
     24  008b		       c0 05		      .word.w	PAGE_NEXT_ROOT
     25  008d
     26  008d							; Some non zero page data
     27  0400					      org	$400
     28  0400
     29  0400				   DATA_ZERO
     30  0400		       00		      .byte.b	$00
     31  0401				   DATA_ONE
     32  0401		       01		      .byte.b	$01
     33  0402				   DATA_TWO
     34  0402		       02		      .byte.b	$02
     35  0403				   DATA_THREE
     36  0403		       03		      .byte.b	$03
     37  0404		       04		      .byte.b	$04
     38  0405
     39  05c0					      org	$5c0
     40  05c0				   PAGE_NEXT_ROOT
     41  05c0		       00		      .byte.b	$00
     42  0610					      org	$610
     43  0610				   PAGE_NEXT
     44  0610		       24		      .byte.b	$24
     45  0611
     46  0611							; Some code
     47  1000					      org	$1000
     48  1000
     49  1000
     50  1000				   Code_start
     51  1000		       00		      brk
